2025-08-09 19:53:00 | DEBUG | repo=fastfetch | action=edit | files=3
2025-02-24 16:06:00 | INFO | repo=fastfetch | action=pull
2025-06-14 19:02:00 | INFO | repo=fastfetch | action=commit
2025-03-18 19:03:00 | WARN | repo=fastfetch | action=commit
2025-08-17 21:25:00 | DEBUG | repo=fastfetch | action=commit
2025-09-07 07:10:00 | DEBUG | repo=fastfetch | action=commit
2025-03-14 07:43:00 | DEBUG | repo=fastfetch | action=commit
2025-06-24 16:34:00 | INFO | repo=fastfetch | action=commit
2025-03-22 09:27:00 | INFO | repo=fastfetch | action=commit
2025-05-22 21:05:00 | DEBUG | repo=fastfetch | action=commit
2025-09-25 16:50:00 | WARN | repo=fastfetch | action=commit
2025-08-13 10:06:00 | INFO | repo=fastfetch | action=commit
2025-04-16 20:26:00 | DEBUG | repo=fastfetch | action=commit
2025-07-08 19:42:00 | WARN | repo=fastfetch | action=commit
2025-01-16 13:24:00 | DEBUG | repo=fastfetch | action=commit
2025-03-18 19:20:00 | DEBUG | repo=fastfetch | action=commit
2025-05-28 12:46:00 | WARN | repo=fastfetch | action=commit
2025-12-06 16:02:00 | WARN | repo=fastfetch | action=commit
2025-12-12 07:27:00 | WARN | repo=fastfetch | action=commit
2025-02-21 20:20:00 | INFO | repo=fastfetch | action=edit | files=4
2025-07-20 19:11:00 | WARN | repo=fastfetch | action=commit
